[siwoke.cf/index.html]
[siwoke.cf/assets/images/csyon2017-transparent-128x128.png]
[backblue.gif]
[fade.gif]
[index.html]
[siwoke.cf/assets/font-awesome/css/font-awesome.css]
[siwoke.cf/csse3e5]
[siwoke.cf/css-10057]
[siwoke.cf/assets/et-line-font-plugin/style.css]
[siwoke.cf/css-2e35a]
[siwoke.cf/assets/bootstrap/css/bootstrap.min.css]
[siwoke.cf/assets/animatecss/animate.min.css]
[siwoke.cf/assets/dropdown/css/style.css]
[siwoke.cf/assets/socicon/css/styles.css]
[siwoke.cf/assets/theme/css/style.css]
[siwoke.cf/assets/mobirise3-blocks-plugin/css/style.css]
[siwoke.cf/assets/mobirise/css/mbr-additional.css]
[siwoke.cf/vip.html]
[siwoke.cf/downloads.html]
[siwoke.cf/assets/images/background1-2000x1125.jpg]
[siwoke.cf/assets/images/discord-logo-svg-1400x385.png]
[siwoke.cf/assets/images/background-2000x1125.jpg]
[siwoke.cf/assets/web/assets/jquery/jquery.min.js]
[siwoke.cf/assets/tether/tether.min.js]
[siwoke.cf/assets/bootstrap/js/bootstrap.min.js]
[siwoke.cf/assets/touch-swipe/jquery.touch-swipe.min.js]
[siwoke.cf/assets/viewport-checker/jquery.viewportchecker.js]
[siwoke.cf/assets/jarallax/jarallax.js]
[siwoke.cf/assets/dropdown/js/script.min.js]
[siwoke.cf/assets/typed/typed.min.js]
[siwoke.cf/assets/countdown/jquery.countdown.min.js]
[siwoke.cf/assets/bootstrap-carousel-swipe/bootstrap-carousel-swipe.js]
[siwoke.cf/assets/smooth-scroll/smooth-scroll.js]
[siwoke.cf/assets/theme/js/script.js]
[siwoke.cf/index.html]
[siwoke.cf/assets/mobirise3-blocks-plugin/js/script.js]
[siwoke.cf/assets/font-awesome/fonts/fontawesome-webfont.eot]
[siwoke.cf/assets/font-awesome/fonts/fontawesome-webfont.woff2]
[siwoke.cf/assets/font-awesome/fonts/fontawesome-webfont-1.eot]
[siwoke.cf/assets/font-awesome/fonts/fontawesome-webfont.woff]
[siwoke.cf/assets/font-awesome/fonts/fontawesome-webfont.ttf]
[siwoke.cf/assets/font-awesome/css/font-awesome.css]
[siwoke.cf/assets/et-line-font-plugin/fonts/et-line.eot]
[siwoke.cf/assets/font-awesome/fonts/fontawesome-webfont.svg]
[siwoke.cf/assets/et-line-font-plugin/fonts/et-line-1.eot]
[siwoke.cf/assets/et-line-font-plugin/fonts/et-line.woff]
[siwoke.cf/assets/et-line-font-plugin/fonts/et-line.ttf]
[siwoke.cf/assets/et-line-font-plugin/style.css]
[siwoke.cf/assets/tether/tether.min.css]
[siwoke.cf/assets/bootstrap/css/bootstrap.min.css]
[siwoke.cf/assets/animatecss/animate.min.css]
[siwoke.cf/assets/dropdown/css/style.css]
[siwoke.cf/assets/et-line-font-plugin/fonts/et-line.svg]
[siwoke.cf/assets/socicon/fonts/socicon.eot]
[siwoke.cf/assets/socicon/fonts/socicon-1.eot]
[siwoke.cf/assets/socicon/fonts/socicon.woff]
[siwoke.cf/assets/socicon/fonts/socicon.ttf]
[siwoke.cf/assets/socicon/css/styles.css]
[siwoke.cf/assets/theme/css/style.css]
[siwoke.cf/assets/socicon/fonts/socicon.svg]
[siwoke.cf/css-3]
[siwoke.cf/css-4]
[siwoke.cf/css-5]
[siwoke.cf/css-6]
[siwoke.cf/assets/mobirise3-blocks-plugin/css/style.css]
[siwoke.cf/css-7]
[siwoke.cf/css-8]
[siwoke.cf/css-9]
[siwoke.cf/css-10]
[siwoke.cf/css-11]
[siwoke.cf/css-12]
[siwoke.cf/assets/mobirise/css/mbr-additional.css]
[siwoke.cf/assets/images/gta5-2018-05-17-01-39-2000x1125.png]
[siwoke.cf/assets/images/vip-1400x1145.png]
[siwoke.cf/vip.html]
[siwoke.cf/assets/images/siwoke1.png]
[siwoke.cf/downloads.html]
[siwoke.cf/assets/font-awesome/fonts/fontawesome-webfont.svg]
[siwoke.cf/assets/et-line-font-plugin/fonts/et-line.svg]
[siwoke.cf/assets/socicon/fonts/socicon.svg]
[siwoke.cf/download/SIWOKE2.zip]
